../Core/Inc/utils.h:18:9:clip	0	static
../Core/Inc/utils.h:22:9:min3	0	static
../Core/Inc/utils.h:26:9:max3	0	static
../Core/Inc/utils.h:30:9:abs16	0	static
../Core/Inc/utils.h:34:9:abs32	0	static
../Core/Inc/utils.h:39:9:pad14	0	static
../Core/Src/main.c:254:6:SystemClock_Config	112	static,ignoring_inline_asm
../Core/Src/main.c:90:5:main	88	static,ignoring_inline_asm
../Core/Src/main.c:433:6:HAL_UARTEx_RxEventCallback	0	static
../Core/Src/main.c:437:6:HAL_UART_TxCpltCallback	8	static
../Core/Src/main.c:442:6:HAL_UART_ErrorCallback	40	static
../Core/Src/main.c:459:6:Error_Handler	0	static,ignoring_inline_asm
