../Core/Inc/utils.h:18:9:clip	0	static
../Core/Inc/utils.h:22:9:min3	0	static
../Core/Inc/utils.h:26:9:max3	0	static
../Core/Inc/utils.h:30:9:abs16	0	static
../Core/Inc/utils.h:34:9:abs32	0	static
../Core/Inc/utils.h:39:9:pad14	0	static
../Core/Src/main.c:242:6:SystemClock_Config	112	static,ignoring_inline_asm
../Core/Src/main.c:88:5:main	88	static,ignoring_inline_asm
../Core/Src/main.c:421:6:HAL_UARTEx_RxEventCallback	0	static
../Core/Src/main.c:425:6:HAL_UART_TxCpltCallback	8	static
../Core/Src/main.c:430:6:HAL_UART_ErrorCallback	40	static
../Core/Src/main.c:447:6:Error_Handler	0	static,ignoring_inline_asm
