../Core/Src/main.c:80:5:main	16	static
../Core/Src/main.c:180:6:SystemClock_Config	112	static
../Core/Src/main.c:224:13:MX_SPI1_Init	8	static
../Core/Src/main.c:259:13:MX_USART2_UART_Init	8	static
../Core/Src/main.c:289:13:MX_DMA_Init	16	static
../Core/Src/main.c:305:13:MX_GPIO_Init	48	static
../Core/Src/main.c:347:6:HAL_UARTEx_RxEventCallback	16	static
../Core/Src/main.c:351:6:HAL_UART_TxCpltCallback	16	static
../Core/Src/main.c:356:6:HAL_UART_ErrorCallback	40	static
../Core/Src/main.c:373:6:Error_Handler	8	static,ignoring_inline_asm
